// Jest Snapshot v1, https://goo.gl/fbAQLP

exports[`<LoadingIndicator /> renders correctly 1`] = `
<ActivityIndicator
  animating={true}
  color={
    Array [
      "#3A99D8",
    ]
  }
  hidesWhenStopped={true}
  size="small"
/>
`;
